--- Query: compare weather in 2025 and 2024 ---
Intents: ['weather_comparison', 'weather_history']
Analysis: To compare the weather in 2025 and 2024, let's look at the historical data for March 14th of both years.

In 2024, on March 14th, the maximum temperature was 33.5░C and the minimum temperature was 24.8░C, with a maximum wind speed of 22.0 m/s.

In 2025, on March 14th, the maximum temperature was 33.4░C and the minimum temperature was 24.7░C, with a maximum wind speed of 16.2 m/s.

The difference between the two years is:
- Maximum temperature: 2024 (33.5░C) was 0.1░C higher than 2025 (33.4░C)
- Minimum temperature: 2024 (24.8░C) was 0.1░C higher than 2025 (24.7░C)
- Maximum wind speed: 2024 (22.0 m/s) was 5.8 m/s higher than 2025 (16.2 m/s)

Note that the current weather data is for January 1, 2025, and does not directly relate to the comparison of March 14th, 2024, and 2025.


--- Query: what is the trend from 2022 to 2026 ---
Intents: ['weather_comparison']
Analysis: From 2022 to 2026, the temperature trend in Chennai, India shows some variations. 
On March 14th of each year, the maximum temperatures were: 
- 2022: 32.5░C
- 2023: 31.2░C (1.3░C decrease from 2022)
- 2024: 33.5░C (2.3░C increase from 2023)
- 2025: 33.4░C (0.1░C decrease from 2024)
- 2026 (forecast for March 14th): 33.4░C (no change from 2025)

The highest temperature recorded was in 2024 at 33.5░C, and the lowest was in 2023 at 31.2░C. 
The data suggests a general increase in temperature over the years, with some fluctuations.


